// Jest Snapshot v1, https://goo.gl/fbAQLP

exports[`<VideoList /> should render and match the snapshot 1`] = `null`;

exports[`<VideoList /> should render with videos 1`] = `ShallowWrapper {}`;
