// Jest Snapshot v1, https://goo.gl/fbAQLP

exports[`<App /> should render with videos 1`] = `ShallowWrapper {}`;
